  main.cpp
C:\Users\thomas\Documents\Cpp\plane\gridRenderer.h(33,43): warning C4267: 'argument': conversion from 'size_t' to 'GLsizei', possible loss of data
  (compiling source file 'main.cpp')
  
C:\Users\thomas\Documents\Cpp\plane\gridRenderer.h(127,1): warning C4305: '+=': truncation from 'double' to 'float'
  (compiling source file 'main.cpp')
  
C:\Users\thomas\Documents\Cpp\plane\gridRenderer.h(162,1): warning C4305: '+=': truncation from 'double' to 'float'
  (compiling source file 'main.cpp')
  
C:\Users\thomas\Documents\Cpp\plane\gridRenderer.h(183,1): warning C4305: '+=': truncation from 'double' to 'float'
  (compiling source file 'main.cpp')
  
C:\Users\thomas\Documents\Cpp\plane\main.cpp(207,20): warning C4244: 'initializing': conversion from 'double' to 'float', possible loss of data
C:\Users\thomas\Documents\Cpp\plane\main.cpp(248,48): warning C4267: 'argument': conversion from 'size_t' to 'GLsizei', possible loss of data
C:\Users\thomas\Documents\Cpp\plane\main.cpp(598,13): warning C4244: '=': conversion from 'double' to 'float', possible loss of data
C:\Users\thomas\Documents\Cpp\plane\main.cpp(599,13): warning C4244: '=': conversion from 'double' to 'float', possible loss of data
C:\Users\thomas\Documents\Cpp\plane\main.cpp(603,13): warning C4244: 'initializing': conversion from 'double' to 'float', possible loss of data
C:\Users\thomas\Documents\Cpp\plane\main.cpp(604,13): warning C4244: 'initializing': conversion from 'double' to 'float', possible loss of data
C:\Users\thomas\Documents\Cpp\plane\main.cpp(606,12): warning C4244: '=': conversion from 'double' to 'float', possible loss of data
C:\Users\thomas\Documents\Cpp\plane\main.cpp(607,12): warning C4244: '=': conversion from 'double' to 'float', possible loss of data
C:\Users\thomas\Documents\Cpp\plane\main.cpp(625,12): warning C4244: '=': conversion from 'double' to 'float', possible loss of data
C:\Users\thomas\Documents\Cpp\plane\main.cpp(626,12): warning C4244: '=': conversion from 'double' to 'float', possible loss of data
  plane.vcxproj -> C:\Users\thomas\Documents\Cpp\plane\x64\Debug\plane.exe
